Archive member included to satisfy reference by file (symbol)

/Applications/microchip/xc8/v3.00/avr/bin/../lib/gcc/avr/5.4.0/avrxmega4/memx-const/mapped/libgcc.a(_udivmodsi4.o)
                              build/default/debug/AVR_MAIN.o (__udivmodsi4)
/Applications/microchip/xc8/v3.00/avr/bin/../lib/gcc/avr/5.4.0/avrxmega4/memx-const/mapped/libgcc.a(_copy_data.o)
                              build/default/debug/AVR_MAIN.o (__do_copy_data)
/Applications/microchip/xc8/v3.00/avr/bin/../lib/gcc/avr/5.4.0/avrxmega4/memx-const/mapped/libgcc.a(_umulhisi3.o)
                              build/default/debug/AVR_MAIN.o (__umulhisi3)
/Applications/microchip/xc8/v3.00/avr/bin/../lib/gcc/avr/5.4.0/avrxmega4/memx-const/mapped/libgcc.a(_usmulhisi3.o)
                              build/default/debug/AVR_MAIN.o (__usmulhisi3)
/Applications/microchip/xc8/v3.00/avr/bin/../lib/gcc/avr/5.4.0/avrxmega4/memx-const/mapped/libgcc.a(_muluhisi3.o)
                              build/default/debug/AVR_MAIN.o (__muluhisi3)
/Applications/microchip/xc8/v3.00/avr/bin/../lib/gcc/avr/5.4.0/../../../../avr/lib/avrxmega4/memx-const/mapped/libc.a(exit.o)
                              /Applications/microchip/mplabx/v6.20/packs/Microchip/AVR-Dx_DFP/2.4.286/xc8/avr/lib/avrxmega4/memx-const/mapped/crtavr128db28.o (exit)
/Applications/microchip/xc8/v3.00/avr/bin/../lib/gcc/avr/5.4.0/../../../../avr/lib/avrxmega4/memx-const/mapped/libc.a(_Exit.o)
                              /Applications/microchip/xc8/v3.00/avr/bin/../lib/gcc/avr/5.4.0/../../../../avr/lib/avrxmega4/memx-const/mapped/libc.a(exit.o) (_Exit)
/Applications/microchip/xc8/v3.00/avr/bin/../lib/gcc/avr/5.4.0/avrxmega4/memx-const/mapped/libgcc.a(_exit.o)
                              /Applications/microchip/xc8/v3.00/avr/bin/../lib/gcc/avr/5.4.0/../../../../avr/lib/avrxmega4/memx-const/mapped/libc.a(_Exit.o) (_exit)

Discarded input sections

 .data          0x0000000000000000        0x0 /Applications/microchip/mplabx/v6.20/packs/Microchip/AVR-Dx_DFP/2.4.286/xc8/avr/lib/avrxmega4/memx-const/mapped/crtavr128db28.o
 .bss           0x0000000000000000        0x0 /Applications/microchip/mplabx/v6.20/packs/Microchip/AVR-Dx_DFP/2.4.286/xc8/avr/lib/avrxmega4/memx-const/mapped/crtavr128db28.o
 .text          0x0000000000000000        0x0 build/default/debug/AVR_MAIN.o
 .data          0x0000000000000000        0x0 build/default/debug/AVR_MAIN.o
 .bss           0x0000000000000000        0x0 build/default/debug/AVR_MAIN.o
 .text          0x0000000000000000        0x0 /Applications/microchip/xc8/v3.00/avr/bin/../lib/gcc/avr/5.4.0/avrxmega4/memx-const/mapped/libgcc.a(_udivmodsi4.o)
 .data          0x0000000000000000        0x0 /Applications/microchip/xc8/v3.00/avr/bin/../lib/gcc/avr/5.4.0/avrxmega4/memx-const/mapped/libgcc.a(_udivmodsi4.o)
 .bss           0x0000000000000000        0x0 /Applications/microchip/xc8/v3.00/avr/bin/../lib/gcc/avr/5.4.0/avrxmega4/memx-const/mapped/libgcc.a(_udivmodsi4.o)
 .text.libgcc.mul
                0x0000000000000000        0x0 /Applications/microchip/xc8/v3.00/avr/bin/../lib/gcc/avr/5.4.0/avrxmega4/memx-const/mapped/libgcc.a(_udivmodsi4.o)
 .stack.descriptors
                0x0000000000000000       0x1a /Applications/microchip/xc8/v3.00/avr/bin/../lib/gcc/avr/5.4.0/avrxmega4/memx-const/mapped/libgcc.a(_udivmodsi4.o)
 .text.libgcc   0x0000000000000000        0x0 /Applications/microchip/xc8/v3.00/avr/bin/../lib/gcc/avr/5.4.0/avrxmega4/memx-const/mapped/libgcc.a(_udivmodsi4.o)
 .text.libgcc.prologue
                0x0000000000000000        0x0 /Applications/microchip/xc8/v3.00/avr/bin/../lib/gcc/avr/5.4.0/avrxmega4/memx-const/mapped/libgcc.a(_udivmodsi4.o)
 .text.libgcc.builtins
                0x0000000000000000        0x0 /Applications/microchip/xc8/v3.00/avr/bin/../lib/gcc/avr/5.4.0/avrxmega4/memx-const/mapped/libgcc.a(_udivmodsi4.o)
 .text.libgcc.fmul
                0x0000000000000000        0x0 /Applications/microchip/xc8/v3.00/avr/bin/../lib/gcc/avr/5.4.0/avrxmega4/memx-const/mapped/libgcc.a(_udivmodsi4.o)
 .text.libgcc.fixed
                0x0000000000000000        0x0 /Applications/microchip/xc8/v3.00/avr/bin/../lib/gcc/avr/5.4.0/avrxmega4/memx-const/mapped/libgcc.a(_udivmodsi4.o)
 .text          0x0000000000000000        0x0 /Applications/microchip/xc8/v3.00/avr/bin/../lib/gcc/avr/5.4.0/avrxmega4/memx-const/mapped/libgcc.a(_copy_data.o)
 .data          0x0000000000000000        0x0 /Applications/microchip/xc8/v3.00/avr/bin/../lib/gcc/avr/5.4.0/avrxmega4/memx-const/mapped/libgcc.a(_copy_data.o)
 .bss           0x0000000000000000        0x0 /Applications/microchip/xc8/v3.00/avr/bin/../lib/gcc/avr/5.4.0/avrxmega4/memx-const/mapped/libgcc.a(_copy_data.o)
 .text.libgcc.mul
                0x0000000000000000        0x0 /Applications/microchip/xc8/v3.00/avr/bin/../lib/gcc/avr/5.4.0/avrxmega4/memx-const/mapped/libgcc.a(_copy_data.o)
 .text.libgcc.div
                0x0000000000000000        0x0 /Applications/microchip/xc8/v3.00/avr/bin/../lib/gcc/avr/5.4.0/avrxmega4/memx-const/mapped/libgcc.a(_copy_data.o)
 .text.libgcc   0x0000000000000000        0x0 /Applications/microchip/xc8/v3.00/avr/bin/../lib/gcc/avr/5.4.0/avrxmega4/memx-const/mapped/libgcc.a(_copy_data.o)
 .text.libgcc.prologue
                0x0000000000000000        0x0 /Applications/microchip/xc8/v3.00/avr/bin/../lib/gcc/avr/5.4.0/avrxmega4/memx-const/mapped/libgcc.a(_copy_data.o)
 .text.libgcc.builtins
                0x0000000000000000        0x0 /Applications/microchip/xc8/v3.00/avr/bin/../lib/gcc/avr/5.4.0/avrxmega4/memx-const/mapped/libgcc.a(_copy_data.o)
 .text.libgcc.fmul
                0x0000000000000000        0x0 /Applications/microchip/xc8/v3.00/avr/bin/../lib/gcc/avr/5.4.0/avrxmega4/memx-const/mapped/libgcc.a(_copy_data.o)
 .text.libgcc.fixed
                0x0000000000000000        0x0 /Applications/microchip/xc8/v3.00/avr/bin/../lib/gcc/avr/5.4.0/avrxmega4/memx-const/mapped/libgcc.a(_copy_data.o)
 .text          0x0000000000000000        0x0 /Applications/microchip/xc8/v3.00/avr/bin/../lib/gcc/avr/5.4.0/avrxmega4/memx-const/mapped/libgcc.a(_umulhisi3.o)
 .data          0x0000000000000000        0x0 /Applications/microchip/xc8/v3.00/avr/bin/../lib/gcc/avr/5.4.0/avrxmega4/memx-const/mapped/libgcc.a(_umulhisi3.o)
 .bss           0x0000000000000000        0x0 /Applications/microchip/xc8/v3.00/avr/bin/../lib/gcc/avr/5.4.0/avrxmega4/memx-const/mapped/libgcc.a(_umulhisi3.o)
 .stack.descriptors
                0x0000000000000000       0x19 /Applications/microchip/xc8/v3.00/avr/bin/../lib/gcc/avr/5.4.0/avrxmega4/memx-const/mapped/libgcc.a(_umulhisi3.o)
 .text.libgcc.div
                0x0000000000000000        0x0 /Applications/microchip/xc8/v3.00/avr/bin/../lib/gcc/avr/5.4.0/avrxmega4/memx-const/mapped/libgcc.a(_umulhisi3.o)
 .text.libgcc   0x0000000000000000        0x0 /Applications/microchip/xc8/v3.00/avr/bin/../lib/gcc/avr/5.4.0/avrxmega4/memx-const/mapped/libgcc.a(_umulhisi3.o)
 .text.libgcc.prologue
                0x0000000000000000        0x0 /Applications/microchip/xc8/v3.00/avr/bin/../lib/gcc/avr/5.4.0/avrxmega4/memx-const/mapped/libgcc.a(_umulhisi3.o)
 .text.libgcc.builtins
                0x0000000000000000        0x0 /Applications/microchip/xc8/v3.00/avr/bin/../lib/gcc/avr/5.4.0/avrxmega4/memx-const/mapped/libgcc.a(_umulhisi3.o)
 .text.libgcc.fmul
                0x0000000000000000        0x0 /Applications/microchip/xc8/v3.00/avr/bin/../lib/gcc/avr/5.4.0/avrxmega4/memx-const/mapped/libgcc.a(_umulhisi3.o)
 .text.libgcc.fixed
                0x0000000000000000        0x0 /Applications/microchip/xc8/v3.00/avr/bin/../lib/gcc/avr/5.4.0/avrxmega4/memx-const/mapped/libgcc.a(_umulhisi3.o)
 .text          0x0000000000000000        0x0 /Applications/microchip/xc8/v3.00/avr/bin/../lib/gcc/avr/5.4.0/avrxmega4/memx-const/mapped/libgcc.a(_usmulhisi3.o)
 .data          0x0000000000000000        0x0 /Applications/microchip/xc8/v3.00/avr/bin/../lib/gcc/avr/5.4.0/avrxmega4/memx-const/mapped/libgcc.a(_usmulhisi3.o)
 .bss           0x0000000000000000        0x0 /Applications/microchip/xc8/v3.00/avr/bin/../lib/gcc/avr/5.4.0/avrxmega4/memx-const/mapped/libgcc.a(_usmulhisi3.o)
 .stack.descriptors
                0x0000000000000000       0x39 /Applications/microchip/xc8/v3.00/avr/bin/../lib/gcc/avr/5.4.0/avrxmega4/memx-const/mapped/libgcc.a(_usmulhisi3.o)
 .text.libgcc.div
                0x0000000000000000        0x0 /Applications/microchip/xc8/v3.00/avr/bin/../lib/gcc/avr/5.4.0/avrxmega4/memx-const/mapped/libgcc.a(_usmulhisi3.o)
 .text.libgcc   0x0000000000000000        0x0 /Applications/microchip/xc8/v3.00/avr/bin/../lib/gcc/avr/5.4.0/avrxmega4/memx-const/mapped/libgcc.a(_usmulhisi3.o)
 .text.libgcc.prologue
                0x0000000000000000        0x0 /Applications/microchip/xc8/v3.00/avr/bin/../lib/gcc/avr/5.4.0/avrxmega4/memx-const/mapped/libgcc.a(_usmulhisi3.o)
 .text.libgcc.builtins
                0x0000000000000000        0x0 /Applications/microchip/xc8/v3.00/avr/bin/../lib/gcc/avr/5.4.0/avrxmega4/memx-const/mapped/libgcc.a(_usmulhisi3.o)
 .text.libgcc.fmul
                0x0000000000000000        0x0 /Applications/microchip/xc8/v3.00/avr/bin/../lib/gcc/avr/5.4.0/avrxmega4/memx-const/mapped/libgcc.a(_usmulhisi3.o)
 .text.libgcc.fixed
                0x0000000000000000        0x0 /Applications/microchip/xc8/v3.00/avr/bin/../lib/gcc/avr/5.4.0/avrxmega4/memx-const/mapped/libgcc.a(_usmulhisi3.o)
 .text          0x0000000000000000        0x0 /Applications/microchip/xc8/v3.00/avr/bin/../lib/gcc/avr/5.4.0/avrxmega4/memx-const/mapped/libgcc.a(_muluhisi3.o)
 .data          0x0000000000000000        0x0 /Applications/microchip/xc8/v3.00/avr/bin/../lib/gcc/avr/5.4.0/avrxmega4/memx-const/mapped/libgcc.a(_muluhisi3.o)
 .bss           0x0000000000000000        0x0 /Applications/microchip/xc8/v3.00/avr/bin/../lib/gcc/avr/5.4.0/avrxmega4/memx-const/mapped/libgcc.a(_muluhisi3.o)
 .stack.descriptors
                0x0000000000000000       0x19 /Applications/microchip/xc8/v3.00/avr/bin/../lib/gcc/avr/5.4.0/avrxmega4/memx-const/mapped/libgcc.a(_muluhisi3.o)
 .text.libgcc.div
                0x0000000000000000        0x0 /Applications/microchip/xc8/v3.00/avr/bin/../lib/gcc/avr/5.4.0/avrxmega4/memx-const/mapped/libgcc.a(_muluhisi3.o)
 .text.libgcc   0x0000000000000000        0x0 /Applications/microchip/xc8/v3.00/avr/bin/../lib/gcc/avr/5.4.0/avrxmega4/memx-const/mapped/libgcc.a(_muluhisi3.o)
 .text.libgcc.prologue
                0x0000000000000000        0x0 /Applications/microchip/xc8/v3.00/avr/bin/../lib/gcc/avr/5.4.0/avrxmega4/memx-const/mapped/libgcc.a(_muluhisi3.o)
 .text.libgcc.builtins
                0x0000000000000000        0x0 /Applications/microchip/xc8/v3.00/avr/bin/../lib/gcc/avr/5.4.0/avrxmega4/memx-const/mapped/libgcc.a(_muluhisi3.o)
 .text.libgcc.fmul
                0x0000000000000000        0x0 /Applications/microchip/xc8/v3.00/avr/bin/../lib/gcc/avr/5.4.0/avrxmega4/memx-const/mapped/libgcc.a(_muluhisi3.o)
 .text.libgcc.fixed
                0x0000000000000000        0x0 /Applications/microchip/xc8/v3.00/avr/bin/../lib/gcc/avr/5.4.0/avrxmega4/memx-const/mapped/libgcc.a(_muluhisi3.o)
 .text          0x0000000000000000        0x0 /Applications/microchip/xc8/v3.00/avr/bin/../lib/gcc/avr/5.4.0/../../../../avr/lib/avrxmega4/memx-const/mapped/libc.a(exit.o)
 .data          0x0000000000000000        0x0 /Applications/microchip/xc8/v3.00/avr/bin/../lib/gcc/avr/5.4.0/../../../../avr/lib/avrxmega4/memx-const/mapped/libc.a(exit.o)
 .bss           0x0000000000000000        0x0 /Applications/microchip/xc8/v3.00/avr/bin/../lib/gcc/avr/5.4.0/../../../../avr/lib/avrxmega4/memx-const/mapped/libc.a(exit.o)
 .stack.descriptors
                0x0000000000000000       0x73 /Applications/microchip/xc8/v3.00/avr/bin/../lib/gcc/avr/5.4.0/../../../../avr/lib/avrxmega4/memx-const/mapped/libc.a(exit.o)
 .text          0x0000000000000000        0x0 /Applications/microchip/xc8/v3.00/avr/bin/../lib/gcc/avr/5.4.0/../../../../avr/lib/avrxmega4/memx-const/mapped/libc.a(_Exit.o)
 .data          0x0000000000000000        0x0 /Applications/microchip/xc8/v3.00/avr/bin/../lib/gcc/avr/5.4.0/../../../../avr/lib/avrxmega4/memx-const/mapped/libc.a(_Exit.o)
 .bss           0x0000000000000000        0x0 /Applications/microchip/xc8/v3.00/avr/bin/../lib/gcc/avr/5.4.0/../../../../avr/lib/avrxmega4/memx-const/mapped/libc.a(_Exit.o)
 .stack.descriptors
                0x0000000000000000       0x13 /Applications/microchip/xc8/v3.00/avr/bin/../lib/gcc/avr/5.4.0/../../../../avr/lib/avrxmega4/memx-const/mapped/libc.a(_Exit.o)
 .text          0x0000000000000000        0x0 /Applications/microchip/xc8/v3.00/avr/bin/../lib/gcc/avr/5.4.0/avrxmega4/memx-const/mapped/libgcc.a(_exit.o)
 .data          0x0000000000000000        0x0 /Applications/microchip/xc8/v3.00/avr/bin/../lib/gcc/avr/5.4.0/avrxmega4/memx-const/mapped/libgcc.a(_exit.o)
 .bss           0x0000000000000000        0x0 /Applications/microchip/xc8/v3.00/avr/bin/../lib/gcc/avr/5.4.0/avrxmega4/memx-const/mapped/libgcc.a(_exit.o)
 .text.libgcc.mul
                0x0000000000000000        0x0 /Applications/microchip/xc8/v3.00/avr/bin/../lib/gcc/avr/5.4.0/avrxmega4/memx-const/mapped/libgcc.a(_exit.o)
 .text.libgcc.div
                0x0000000000000000        0x0 /Applications/microchip/xc8/v3.00/avr/bin/../lib/gcc/avr/5.4.0/avrxmega4/memx-const/mapped/libgcc.a(_exit.o)
 .text.libgcc   0x0000000000000000        0x0 /Applications/microchip/xc8/v3.00/avr/bin/../lib/gcc/avr/5.4.0/avrxmega4/memx-const/mapped/libgcc.a(_exit.o)
 .text.libgcc.prologue
                0x0000000000000000        0x0 /Applications/microchip/xc8/v3.00/avr/bin/../lib/gcc/avr/5.4.0/avrxmega4/memx-const/mapped/libgcc.a(_exit.o)
 .stack.descriptors
                0x0000000000000000       0x13 /Applications/microchip/xc8/v3.00/avr/bin/../lib/gcc/avr/5.4.0/avrxmega4/memx-const/mapped/libgcc.a(_exit.o)
 .text.libgcc.builtins
                0x0000000000000000        0x0 /Applications/microchip/xc8/v3.00/avr/bin/../lib/gcc/avr/5.4.0/avrxmega4/memx-const/mapped/libgcc.a(_exit.o)
 .text.libgcc.fmul
                0x0000000000000000        0x0 /Applications/microchip/xc8/v3.00/avr/bin/../lib/gcc/avr/5.4.0/avrxmega4/memx-const/mapped/libgcc.a(_exit.o)
 .text.libgcc.fixed
                0x0000000000000000        0x0 /Applications/microchip/xc8/v3.00/avr/bin/../lib/gcc/avr/5.4.0/avrxmega4/memx-const/mapped/libgcc.a(_exit.o)

Memory Configuration

Name             Origin             Length             Attributes
text             0x0000000000000000 0x0000000000020000 xr
data             0x0000000000804000 0x0000000000004000 rw !x
eeprom           0x0000000000810000 0x0000000000000200 rw !x
fuse             0x0000000000820000 0x0000000000000010 rw !x
lock             0x0000000000830000 0x0000000000000400 rw !x
signature        0x0000000000840000 0x0000000000000400 rw !x
user_signatures  0x0000000000850000 0x0000000000000400 rw !x
bootrow          0x0000000000860000 0x0000000000000400 rw !x
*default*        0x0000000000000000 0xffffffffffffffff

Linker script and memory map

Address of section .data set to 0x804000
                0x0000000000008000                __RODATA_PM_OFFSET__ = 0x8000
LOAD /Applications/microchip/mplabx/v6.20/packs/Microchip/AVR-Dx_DFP/2.4.286/xc8/avr/lib/avrxmega4/memx-const/mapped/crtavr128db28.o
                0x0000000000000001                __MPLAB_BUILD = 0x1
LOAD build/default/debug/AVR_MAIN.o
START GROUP
LOAD /Applications/microchip/xc8/v3.00/avr/bin/../lib/gcc/avr/5.4.0/../../../../avr/lib/avrxmega4/memx-const/mapped/libm.a
END GROUP
                0x0000000000000001                __MPLAB_DEBUG = 0x1
                0x0000000000000001                __DEBUG = 0x1
START GROUP
LOAD /Applications/microchip/xc8/v3.00/avr/bin/../lib/gcc/avr/5.4.0/avrxmega4/memx-const/mapped/libgcc.a
LOAD /Applications/microchip/xc8/v3.00/avr/bin/../lib/gcc/avr/5.4.0/../../../../avr/lib/avrxmega4/memx-const/mapped/libm.a
LOAD /Applications/microchip/xc8/v3.00/avr/bin/../lib/gcc/avr/5.4.0/../../../../avr/lib/avrxmega4/memx-const/mapped/libc.a
LOAD /Applications/microchip/mplabx/v6.20/packs/Microchip/AVR-Dx_DFP/2.4.286/xc8/avr/lib/avrxmega4/memx-const/mapped/libavr128db28.a
END GROUP
                [0x0000000000000000]                __TEXT_REGION_ORIGIN__ = DEFINED (__TEXT_REGION_ORIGIN__)?__TEXT_REGION_ORIGIN__:0x0
                [0x0000000000804000]                __DATA_REGION_ORIGIN__ = DEFINED (__DATA_REGION_ORIGIN__)?__DATA_REGION_ORIGIN__:0x802000
                [0x0000000000020000]                __TEXT_REGION_LENGTH__ = DEFINED (__TEXT_REGION_LENGTH__)?__TEXT_REGION_LENGTH__:0x100000
                [0x0000000000004000]                __DATA_REGION_LENGTH__ = DEFINED (__DATA_REGION_LENGTH__)?__DATA_REGION_LENGTH__:0xffa0
                [0x0000000000000200]                __EEPROM_REGION_LENGTH__ = DEFINED (__EEPROM_REGION_LENGTH__)?__EEPROM_REGION_LENGTH__:0x10000
                [0x0000000000000010]                __FUSE_REGION_LENGTH__ = DEFINED (__FUSE_REGION_LENGTH__)?__FUSE_REGION_LENGTH__:0x400
                0x0000000000000400                __LOCK_REGION_LENGTH__ = DEFINED (__LOCK_REGION_LENGTH__)?__LOCK_REGION_LENGTH__:0x400
                0x0000000000000400                __SIGNATURE_REGION_LENGTH__ = DEFINED (__SIGNATURE_REGION_LENGTH__)?__SIGNATURE_REGION_LENGTH__:0x400
                0x0000000000000400                __USER_SIGNATURE_REGION_LENGTH__ = DEFINED (__USER_SIGNATURE_REGION_LENGTH__)?__USER_SIGNATURE_REGION_LENGTH__:0x400
                0x0000000000000400                __BOOTROW_REGION_LENGTH__ = DEFINED (__BOOTROW_REGION_LENGTH__)?__BOOTROW_REGION_LENGTH__:0x400

.hash
 *(.hash)

.dynsym
 *(.dynsym)

.dynstr
 *(.dynstr)

.gnu.version
 *(.gnu.version)

.gnu.version_d
 *(.gnu.version_d)

.gnu.version_r
 *(.gnu.version_r)

.rel.init
 *(.rel.init)

.rela.init
 *(.rela.init)

.rel.text
 *(.rel.text)
 *(.rel.text.*)
 *(.rel.gnu.linkonce.t*)

.rela.text
 *(.rela.text)
 *(.rela.text.*)
 *(.rela.gnu.linkonce.t*)

.rel.fini
 *(.rel.fini)

.rela.fini
 *(.rela.fini)

.rel.rodata
 *(.rel.rodata)
 *(.rel.rodata.*)
 *(.rel.gnu.linkonce.r*)

.rela.rodata
 *(.rela.rodata)
 *(.rela.rodata.*)
 *(.rela.gnu.linkonce.r*)

.rel.data
 *(.rel.data)
 *(.rel.data.*)
 *(.rel.gnu.linkonce.d*)

.rela.data
 *(.rela.data)
 *(.rela.data.*)
 *(.rela.gnu.linkonce.d*)

.rel.ctors
 *(.rel.ctors)

.rela.ctors
 *(.rela.ctors)

.rel.dtors
 *(.rel.dtors)

.rela.dtors
 *(.rela.dtors)

.rel.got
 *(.rel.got)

.rela.got
 *(.rela.got)

.rel.bss
 *(.rel.bss)

.rela.bss
 *(.rela.bss)

.rel.plt
 *(.rel.plt)

.rela.plt
 *(.rela.plt)

.text           0x0000000000000000      0x12a
 *(.vectors)
 .vectors       0x0000000000000000       0xa8 /Applications/microchip/mplabx/v6.20/packs/Microchip/AVR-Dx_DFP/2.4.286/xc8/avr/lib/avrxmega4/memx-const/mapped/crtavr128db28.o
                0x0000000000000000                __vectors
                0x0000000000000000                __vector_default
 *(.vectors)
 *(.progmem.gcc*)
 *(.dinit)
 .dinit         0x00000000000000a8       0x18 data_init
                0x00000000000000c0                . = ALIGN (0x2)
                0x00000000000000c0                __trampolines_start = .
 *(.trampolines)
 .trampolines   0x00000000000000c0        0x0 linker stubs
 *(.trampolines*)
                0x00000000000000c0                __trampolines_end = .
 *libprintf_flt.a:*(.progmem.data)
 *libc.a:*(.progmem.data)
                0x00000000000000c0                . = ALIGN (0x2)
 *(.jumptables)
 *(.jumptables*)
 *(.lowtext)
 *(.lowtext*)
                0x00000000000000c0                __ctors_start = .
 *(.ctors)
                0x00000000000000c0                __ctors_end = .
                0x00000000000000c0                __dtors_start = .
 *(.dtors)
                0x00000000000000c0                __dtors_end = .
 SORT(*)(.ctors)
 SORT(*)(.dtors)
 *(.init0)
 .init0         0x00000000000000c0        0x0 /Applications/microchip/mplabx/v6.20/packs/Microchip/AVR-Dx_DFP/2.4.286/xc8/avr/lib/avrxmega4/memx-const/mapped/crtavr128db28.o
                0x00000000000000c0                __init
 *(.init0)
 *(.init1)
 .init1         0x00000000000000c0       0x12 /Applications/microchip/mplabx/v6.20/packs/Microchip/AVR-Dx_DFP/2.4.286/xc8/avr/lib/avrxmega4/memx-const/mapped/crtavr128db28.o
 *(.init1)
 *(.init2)
 .init2         0x00000000000000d2        0xc /Applications/microchip/mplabx/v6.20/packs/Microchip/AVR-Dx_DFP/2.4.286/xc8/avr/lib/avrxmega4/memx-const/mapped/crtavr128db28.o
 *(.init2)
 *(.init3)
 *(.init3)
 *(.init4)
 .init4         0x00000000000000de       0x40 /Applications/microchip/xc8/v3.00/avr/bin/../lib/gcc/avr/5.4.0/avrxmega4/memx-const/mapped/libgcc.a(_copy_data.o)
                0x00000000000000de                __do_copy_data
                0x0000000000000110                __do_clear_bss
 *(.init4)
 *(.init5)
 *(.init5)
 *(.init6)
 *(.init6)
 *(.init7)
 *(.init7)
 *(.init8)
 *(.init8)
 *(.init9)
 .init9         0x000000000000011e        0x8 /Applications/microchip/mplabx/v6.20/packs/Microchip/AVR-Dx_DFP/2.4.286/xc8/avr/lib/avrxmega4/memx-const/mapped/crtavr128db28.o
 *(.init9)
                0x0000000000000126                . = ALIGN (0x2)
 *(.fini9)
 .fini9         0x0000000000000126        0x0 /Applications/microchip/xc8/v3.00/avr/bin/../lib/gcc/avr/5.4.0/avrxmega4/memx-const/mapped/libgcc.a(_exit.o)
                0x0000000000000126                _exit
 *(.fini9)
 *(.fini8)
 *(.fini8)
 *(.fini7)
 *(.fini7)
 *(.fini6)
 *(.fini6)
 *(.fini5)
 *(.fini5)
 *(.fini4)
 *(.fini4)
 *(.fini3)
 *(.fini3)
 *(.fini2)
 *(.fini2)
 *(.fini1)
 *(.fini1)
 *(.fini0)
 .fini0         0x0000000000000126        0x4 /Applications/microchip/xc8/v3.00/avr/bin/../lib/gcc/avr/5.4.0/avrxmega4/memx-const/mapped/libgcc.a(_exit.o)
 *(.fini0)
                0x000000000000012a                _etext = .

.data           0x0000000000804000        0x0 load address 0x000000000000012a
                [!provide]                        PROVIDE (__data_start, .)
 *(.gnu.linkonce.d*)
 *(.gnu.linkonce.r*)
                0x0000000000804000                . = ALIGN (0x2)
                0x0000000000804000                _edata = .
                [!provide]                        PROVIDE (__data_end, .)

.bss            0x0000000000804000        0x0
                [!provide]                        PROVIDE (__bss_start, .)
 *(COMMON)
                [!provide]                        PROVIDE (__bss_end, .)
                0x000000000000012a                __data_load_start = LOADADDR (.data)
                0x000000000000012a                __data_load_end = (__data_load_start + SIZEOF (.data))

.noinit         0x0000000000804000        0x0
                [!provide]                        PROVIDE (__noinit_start, .)
 *(.noinit*)
                [!provide]                        PROVIDE (__noinit_end, .)
                0x0000000000804000                _end = .

.eeprom         0x0000000000810000        0x0
 *(.eeprom*)
                0x0000000000810000                __eeprom_end = .

.fuse
 *(.fuse)
 *(.lfuse)
 *(.hfuse)
 *(.efuse)

.lock
 *(.lock*)

.signature
 *(.signature*)

.user_signatures
 *(.user_signatures*)

.bootrow
 *(.bootrow*)

.stab
 *(.stab)

.stabstr
 *(.stabstr)

.stab.excl
 *(.stab.excl)

.stab.exclstr
 *(.stab.exclstr)

.stab.index
 *(.stab.index)

.stab.indexstr
 *(.stab.indexstr)

.comment        0x0000000000000000       0x5b
 *(.comment)
 .comment       0x0000000000000000       0x2f build/default/debug/AVR_MAIN.o
                                         0x30 (size before relaxing)
 .comment       0x000000000000002f       0x2c /Applications/microchip/xc8/v3.00/avr/bin/../lib/gcc/avr/5.4.0/../../../../avr/lib/avrxmega4/memx-const/mapped/libc.a(exit.o)
                                         0x2d (size before relaxing)
 .comment       0x000000000000005b       0x2d /Applications/microchip/xc8/v3.00/avr/bin/../lib/gcc/avr/5.4.0/../../../../avr/lib/avrxmega4/memx-const/mapped/libc.a(_Exit.o)

.stack.descriptors.hdr
                0x0000000000000000       0x62
 .stack.descriptors.hdr
                0x0000000000000000        0xe /Applications/microchip/xc8/v3.00/avr/bin/../lib/gcc/avr/5.4.0/avrxmega4/memx-const/mapped/libgcc.a(_udivmodsi4.o)
 .stack.descriptors.hdr
                0x000000000000000e        0xe /Applications/microchip/xc8/v3.00/avr/bin/../lib/gcc/avr/5.4.0/avrxmega4/memx-const/mapped/libgcc.a(_umulhisi3.o)
 .stack.descriptors.hdr
                0x000000000000001c        0xe /Applications/microchip/xc8/v3.00/avr/bin/../lib/gcc/avr/5.4.0/avrxmega4/memx-const/mapped/libgcc.a(_usmulhisi3.o)
 .stack.descriptors.hdr
                0x000000000000002a        0xe /Applications/microchip/xc8/v3.00/avr/bin/../lib/gcc/avr/5.4.0/avrxmega4/memx-const/mapped/libgcc.a(_muluhisi3.o)
 .stack.descriptors.hdr
                0x0000000000000038        0xe /Applications/microchip/xc8/v3.00/avr/bin/../lib/gcc/avr/5.4.0/../../../../avr/lib/avrxmega4/memx-const/mapped/libc.a(exit.o)
 .stack.descriptors.hdr
                0x0000000000000046        0xe /Applications/microchip/xc8/v3.00/avr/bin/../lib/gcc/avr/5.4.0/../../../../avr/lib/avrxmega4/memx-const/mapped/libc.a(_Exit.o)
 .stack.descriptors.hdr
                0x0000000000000054        0xe /Applications/microchip/xc8/v3.00/avr/bin/../lib/gcc/avr/5.4.0/avrxmega4/memx-const/mapped/libgcc.a(_exit.o)

.note.GNU-stack
                0x0000000000000000        0x0
 .note.GNU-stack
                0x0000000000000000        0x0 /Applications/microchip/xc8/v3.00/avr/bin/../lib/gcc/avr/5.4.0/../../../../avr/lib/avrxmega4/memx-const/mapped/libc.a(exit.o)
 .note.GNU-stack
                0x0000000000000000        0x0 /Applications/microchip/xc8/v3.00/avr/bin/../lib/gcc/avr/5.4.0/../../../../avr/lib/avrxmega4/memx-const/mapped/libc.a(_Exit.o)

.note.gnu.build-id
 *(.note.gnu.build-id)

.debug
 *(.debug)

.line
 *(.line)

.debug_srcinfo
 *(.debug_srcinfo)

.debug_sfnames
 *(.debug_sfnames)

.debug_aranges  0x0000000000000000       0x80
 *(.debug_aranges)
 .debug_aranges
                0x0000000000000000       0x80 build/default/debug/AVR_MAIN.o

.debug_pubnames
 *(.debug_pubnames)

.debug_info     0x0000000000000000     0x44c9
 *(.debug_info .gnu.linkonce.wi.*)
 .debug_info    0x0000000000000000     0x272b /Applications/microchip/mplabx/v6.20/packs/Microchip/AVR-Dx_DFP/2.4.286/xc8/avr/lib/avrxmega4/memx-const/mapped/crtavr128db28.o
 .debug_info    0x000000000000272b     0x1d9e build/default/debug/AVR_MAIN.o

.debug_abbrev   0x0000000000000000     0x2839
 *(.debug_abbrev)
 .debug_abbrev  0x0000000000000000     0x2518 /Applications/microchip/mplabx/v6.20/packs/Microchip/AVR-Dx_DFP/2.4.286/xc8/avr/lib/avrxmega4/memx-const/mapped/crtavr128db28.o
 .debug_abbrev  0x0000000000002518      0x321 build/default/debug/AVR_MAIN.o

.debug_line     0x0000000000000000      0x69d
 *(.debug_line .debug_line.* .debug_line_end)
 .debug_line    0x0000000000000000      0x1ce /Applications/microchip/mplabx/v6.20/packs/Microchip/AVR-Dx_DFP/2.4.286/xc8/avr/lib/avrxmega4/memx-const/mapped/crtavr128db28.o
 .debug_line    0x00000000000001ce      0x4cf build/default/debug/AVR_MAIN.o

.debug_frame    0x0000000000000000       0xe4
 *(.debug_frame)
 .debug_frame   0x0000000000000000       0xe4 build/default/debug/AVR_MAIN.o

.debug_str      0x0000000000000000     0x119a
 *(.debug_str)
 .debug_str     0x0000000000000000     0x111e /Applications/microchip/mplabx/v6.20/packs/Microchip/AVR-Dx_DFP/2.4.286/xc8/avr/lib/avrxmega4/memx-const/mapped/crtavr128db28.o
 .debug_str     0x000000000000111e       0x7c build/default/debug/AVR_MAIN.o

.debug_loc      0x0000000000000000      0x369
 *(.debug_loc)
 .debug_loc     0x0000000000000000      0x369 build/default/debug/AVR_MAIN.o

.debug_macinfo
 *(.debug_macinfo)

.debug_weaknames
 *(.debug_weaknames)

.debug_funcnames
 *(.debug_funcnames)

.debug_typenames
 *(.debug_typenames)

.debug_varnames
 *(.debug_varnames)

.debug_pubtypes
 *(.debug_pubtypes)

.debug_ranges   0x0000000000000000       0x70
 *(.debug_ranges)
 .debug_ranges  0x0000000000000000       0x70 build/default/debug/AVR_MAIN.o

.debug_macro
 *(.debug_macro)
OUTPUT(dist/default/debug/Bumblebee.X.debug.elf elf32-avr)
LOAD linker stubs
LOAD data_init

.note.gnu.avr.deviceinfo
                0x0000000000000000       0x40
 .note.gnu.avr.deviceinfo
                0x0000000000000000       0x40 /Applications/microchip/mplabx/v6.20/packs/Microchip/AVR-Dx_DFP/2.4.286/xc8/avr/lib/avrxmega4/memx-const/mapped/crtavr128db28.o

.bss.current_time
                0x0000000000804010        0x4
 .bss.current_time
                0x0000000000804010        0x4 build/default/debug/AVR_MAIN.o
                0x0000000000804010                current_time

.bss.last_activity_time
                0x0000000000804014        0x4
 .bss.last_activity_time
                0x0000000000804014        0x4 build/default/debug/AVR_MAIN.o
                0x0000000000804014                last_activity_time

.bss.buffer_index
                0x000000000080401f        0x1
 .bss.buffer_index
                0x000000000080401f        0x1 build/default/debug/AVR_MAIN.o
                0x000000000080401f                buffer_index

.bss.motor_buffer
                0x0000000000804000        0x8
 .bss.motor_buffer
                0x0000000000804000        0x8 build/default/debug/AVR_MAIN.o
                0x0000000000804000                motor_buffer

.bss.steering_buffer
                0x0000000000804008        0x8
 .bss.steering_buffer
                0x0000000000804008        0x8 build/default/debug/AVR_MAIN.o
                0x0000000000804008                steering_buffer

.bss.headlight_on
                0x0000000000804020        0x1
 .bss.headlight_on
                0x0000000000804020        0x1 build/default/debug/AVR_MAIN.o
                0x0000000000804020                headlight_on

.bss.rgb_led_on
                0x0000000000804021        0x1
 .bss.rgb_led_on
                0x0000000000804021        0x1 build/default/debug/AVR_MAIN.o
                0x0000000000804021                rgb_led_on

.bss.rgb_color_index
                0x0000000000804022        0x1
 .bss.rgb_color_index
                0x0000000000804022        0x1 build/default/debug/AVR_MAIN.o
                0x0000000000804022                rgb_color_index

.bss.rgb_color_raw
                0x0000000000804018        0x2
 .bss.rgb_color_raw
                0x0000000000804018        0x2 build/default/debug/AVR_MAIN.o
                0x0000000000804018                rgb_color_raw

.rodata.RGB_COLORS
                0x000000000080812a       0x18 load address 0x000000000000012a
 .rodata.RGB_COLORS
                0x000000000080812a       0x18 build/default/debug/AVR_MAIN.o
                0x000000000080812a                RGB_COLORS

.text.main      0x0000000000000142      0x1ac
 .text.main     0x0000000000000142      0x1ac build/default/debug/AVR_MAIN.o
                0x0000000000000142                main

.text.control_motor
                0x00000000000002ee       0xa4
 .text.control_motor
                0x00000000000002ee       0xa4 build/default/debug/AVR_MAIN.o
                0x00000000000002ee                control_motor

.text.control_steering
                0x0000000000000392       0x88
 .text.control_steering
                0x0000000000000392       0x88 build/default/debug/AVR_MAIN.o
                0x0000000000000392                control_steering

.text.control_rgb_led
                0x000000000000041a       0x7c
 .text.control_rgb_led
                0x000000000000041a       0x7c build/default/debug/AVR_MAIN.o
                0x000000000000041a                control_rgb_led

.text.init_pins
                0x0000000000000496       0x56
 .text.init_pins
                0x0000000000000496       0x56 build/default/debug/AVR_MAIN.o
                0x0000000000000496                init_pins

.text.get_filtered_value
                0x00000000000004ec       0x54
 .text.get_filtered_value
                0x00000000000004ec       0x54 build/default/debug/AVR_MAIN.o
                0x00000000000004ec                get_filtered_value

.text.libgcc.div
                0x0000000000000540       0x44
 .text.libgcc.div
                0x0000000000000540       0x44 /Applications/microchip/xc8/v3.00/avr/bin/../lib/gcc/avr/5.4.0/avrxmega4/memx-const/mapped/libgcc.a(_udivmodsi4.o)
                0x0000000000000540                __udivmodsi4

.text.is_signal_active
                0x0000000000000584       0x38
 .text.is_signal_active
                0x0000000000000584       0x38 build/default/debug/AVR_MAIN.o
                0x0000000000000584                is_signal_active

.text.set_safe_state
                0x00000000000005bc       0x2a
 .text.set_safe_state
                0x00000000000005bc       0x2a build/default/debug/AVR_MAIN.o
                0x00000000000005bc                set_safe_state

.text.init_pwm_tca0
                0x00000000000005e6       0x26
 .text.init_pwm_tca0
                0x00000000000005e6       0x26 build/default/debug/AVR_MAIN.o
                0x00000000000005e6                init_pwm_tca0

.text.read_adc  0x000000000000060c       0x1e
 .text.read_adc
                0x000000000000060c       0x1e build/default/debug/AVR_MAIN.o
                0x000000000000060c                read_adc

.text.libgcc.mul
                0x000000000000062a       0x1e
 .text.libgcc.mul
                0x000000000000062a       0x1e /Applications/microchip/xc8/v3.00/avr/bin/../lib/gcc/avr/5.4.0/avrxmega4/memx-const/mapped/libgcc.a(_umulhisi3.o)
                0x000000000000062a                __umulhisi3

.text.libgcc.mul
                0x0000000000000648       0x16
 .text.libgcc.mul
                0x0000000000000648       0x16 /Applications/microchip/xc8/v3.00/avr/bin/../lib/gcc/avr/5.4.0/avrxmega4/memx-const/mapped/libgcc.a(_muluhisi3.o)
                0x0000000000000648                __muluhisi3

.text.exit      0x000000000000065e       0x16
 .text.exit     0x000000000000065e       0x16 /Applications/microchip/xc8/v3.00/avr/bin/../lib/gcc/avr/5.4.0/../../../../avr/lib/avrxmega4/memx-const/mapped/libc.a(exit.o)
                0x000000000000065e                exit

.text.control_headlight
                0x0000000000000674       0x14
 .text.control_headlight
                0x0000000000000674       0x14 build/default/debug/AVR_MAIN.o
                0x0000000000000674                control_headlight

.text.init_clock
                0x0000000000000688       0x12
 .text.init_clock
                0x0000000000000688       0x12 build/default/debug/AVR_MAIN.o
                0x0000000000000688                init_clock

.text.init_adc  0x000000000000069a       0x12
 .text.init_adc
                0x000000000000069a       0x12 build/default/debug/AVR_MAIN.o
                0x000000000000069a                init_adc

.text.libgcc.mul
                0x00000000000006ac        0xe
 .text.libgcc.mul
                0x00000000000006ac        0xe /Applications/microchip/xc8/v3.00/avr/bin/../lib/gcc/avr/5.4.0/avrxmega4/memx-const/mapped/libgcc.a(_usmulhisi3.o)
                0x00000000000006ac                __usmulhisi3
                0x00000000000006b0                __usmulhisi3_tail

.text           0x00000000000006ba        0x4
 .text          0x00000000000006ba        0x4 /Applications/microchip/mplabx/v6.20/packs/Microchip/AVR-Dx_DFP/2.4.286/xc8/avr/lib/avrxmega4/memx-const/mapped/crtavr128db28.o
                0x00000000000006ba                __vector_20
                0x00000000000006ba                __vector_22
                0x00000000000006ba                __vector_28
                0x00000000000006ba                __vector_1
                0x00000000000006ba                __vector_32
                0x00000000000006ba                __vector_34
                0x00000000000006ba                __vector_24
                0x00000000000006ba                __vector_12
                0x00000000000006ba                __bad_interrupt
                0x00000000000006ba                __vector_6
                0x00000000000006ba                __vector_31
                0x00000000000006ba                __vector_35
                0x00000000000006ba                __vector_39
                0x00000000000006ba                __vector_3
                0x00000000000006ba                __vector_23
                0x00000000000006ba                __vector_30
                0x00000000000006ba                __vector_25
                0x00000000000006ba                __vector_11
                0x00000000000006ba                __vector_13
                0x00000000000006ba                __vector_17
                0x00000000000006ba                __vector_19
                0x00000000000006ba                __vector_7
                0x00000000000006ba                __vector_41
                0x00000000000006ba                __vector_27
                0x00000000000006ba                __vector_5
                0x00000000000006ba                __vector_33
                0x00000000000006ba                __vector_37
                0x00000000000006ba                __vector_4
                0x00000000000006ba                __vector_9
                0x00000000000006ba                __vector_2
                0x00000000000006ba                __vector_21
                0x00000000000006ba                __vector_15
                0x00000000000006ba                __vector_36
                0x00000000000006ba                __vector_29
                0x00000000000006ba                __vector_40
                0x00000000000006ba                __vector_8
                0x00000000000006ba                __vector_26
                0x00000000000006ba                __vector_14
                0x00000000000006ba                __vector_10
                0x00000000000006ba                __vector_16
                0x00000000000006ba                __vector_18
                0x00000000000006ba                __vector_38

.text._Exit     0x00000000000006be        0x4
 .text._Exit    0x00000000000006be        0x4 /Applications/microchip/xc8/v3.00/avr/bin/../lib/gcc/avr/5.4.0/../../../../avr/lib/avrxmega4/memx-const/mapped/libc.a(_Exit.o)
                0x00000000000006be                _Exit

.text.__dummy_fini
                0x00000000000006c2        0x2
 .text.__dummy_fini
                0x00000000000006c2        0x2 /Applications/microchip/xc8/v3.00/avr/bin/../lib/gcc/avr/5.4.0/../../../../avr/lib/avrxmega4/memx-const/mapped/libc.a(exit.o)
                0x00000000000006c2                _fini

.text.__dummy_funcs_on_exit
                0x00000000000006c4        0x2
 .text.__dummy_funcs_on_exit
                0x00000000000006c4        0x2 /Applications/microchip/xc8/v3.00/avr/bin/../lib/gcc/avr/5.4.0/../../../../avr/lib/avrxmega4/memx-const/mapped/libc.a(exit.o)
                0x00000000000006c4                __funcs_on_exit

.text.__dummy_simulator_exit
                0x00000000000006c6        0x2
 .text.__dummy_simulator_exit
                0x00000000000006c6        0x2 /Applications/microchip/xc8/v3.00/avr/bin/../lib/gcc/avr/5.4.0/../../../../avr/lib/avrxmega4/memx-const/mapped/libc.a(exit.o)
                0x00000000000006c6                __simulator_exit

.data.motor_raw
                0x000000000080401a        0x2 load address 0x00000000000006c8
 .data.motor_raw
                0x000000000080401a        0x2 build/default/debug/AVR_MAIN.o
                0x000000000080401a                motor_raw

.data.steering_raw
                0x000000000080401c        0x2 load address 0x00000000000006ca
 .data.steering_raw
                0x000000000080401c        0x2 build/default/debug/AVR_MAIN.o
                0x000000000080401c                steering_raw

.data.prev_pulse_width.4249
                0x000000000080401e        0x1 load address 0x00000000000006cc
 .data.prev_pulse_width.4249
                0x000000000080401e        0x1 build/default/debug/AVR_MAIN.o

.data.motor_value
                0x0000000000804023        0x1 load address 0x00000000000006cd
 .data.motor_value
                0x0000000000804023        0x1 build/default/debug/AVR_MAIN.o
                0x0000000000804023                motor_value

.data.steering_value
                0x0000000000804024        0x1 load address 0x00000000000006ce
 .data.steering_value
                0x0000000000804024        0x1 build/default/debug/AVR_MAIN.o
                0x0000000000804024                steering_value
